Command line invocation:
    /Applications/Xcode_16.4.app/Contents/Developer/usr/bin/xcodebuild -project KaraokeMicVerify.xcodeproj -scheme KaraokeMic -configuration Release -sdk iphoneos -destination generic/platform=iOS -archivePath ./build/KaraokeMic.xcarchive -derivedDataPath ./build/DerivedData CODE_SIGNING_ALLOWED=NO CODE_SIGNING_REQUIRED=NO CODE_SIGN_IDENTITY= DEVELOPMENT_TEAM= PROVISIONING_PROFILE_SPECIFIER= SWIFT_COMPILATION_MODE=wholemodule ONLY_ACTIVE_ARCH=NO COMPILER_INDEX_STORE_ENABLE=NO archive

Build settings from command line:
    CODE_SIGN_IDENTITY = 
    CODE_SIGNING_ALLOWED = NO
    CODE_SIGNING_REQUIRED = NO
    COMPILER_INDEX_STORE_ENABLE = NO
    DEVELOPMENT_TEAM = 
    ONLY_ACTIVE_ARCH = NO
    PROVISIONING_PROFILE_SPECIFIER = 
    SDKROOT = iphoneos18.5
    SWIFT_COMPILATION_MODE = wholemodule

note: Using codesigning identity override: 
ComputePackagePrebuildTargetDependencyGraph

Prepare packages

CreateBuildRequest

SendProjectDescription

CreateBuildOperation

ComputeTargetDependencyGraph
note: Building targets in dependency order
note: Target dependency graph (1 target)
    Target 'KaraokeMic' in project 'KaraokeMicVerify' (no dependencies)

GatherProvisioningInputs

CreateBuildDescription

ExecuteExternalTool /Applications/Xcode_16.4.app/Contents/Developer/usr/bin/actool --print-asset-tag-combinations --output-format xml1 /Users/runner/work/karaokemic-verify/karaokemic-verify/KaraokeMic/Resources/Assets.xcassets

ExecuteExternalTool /Applications/Xcode_16.4.app/Contents/Developer/Toolchains/XcodeDefault.xctoolchain/usr/bin/clang -v -E -dM -isysroot /Applications/Xcode_16.4.app/Contents/Developer/Platforms/iPhoneOS.platform/Developer/SDKs/iPhoneOS18.5.sdk -x c -c /dev/null

ExecuteExternalTool /Applications/Xcode_16.4.app/Contents/Developer/usr/bin/actool --version --output-format xml1

ExecuteExternalTool /Applications/Xcode_16.4.app/Contents/Developer/Toolchains/XcodeDefault.xctoolchain/usr/bin/swiftc --version

ExecuteExternalTool /Applications/Xcode_16.4.app/Contents/Developer/Toolchains/XcodeDefault.xctoolchain/usr/bin/ld -version_details

Build description signature: 61f22f10a03644ca9b705431ea9f23b0
Build description path: /Users/runner/work/karaokemic-verify/karaokemic-verify/build/DerivedData/Build/Intermediates.noindex/ArchiveIntermediates/KaraokeMic/IntermediateBuildFilesPath/XCBuildData/61f22f10a03644ca9b705431ea9f23b0.xcbuilddata
CreateBuildDirectory /Users/runner/work/karaokemic-verify/karaokemic-verify/build/DerivedData/Build/Intermediates.noindex/ArchiveIntermediates/KaraokeMic/InstallationBuildProductsLocation
    cd /Users/runner/work/karaokemic-verify/karaokemic-verify/KaraokeMicVerify.xcodeproj
    builtin-create-build-directory /Users/runner/work/karaokemic-verify/karaokemic-verify/build/DerivedData/Build/Intermediates.noindex/ArchiveIntermediates/KaraokeMic/InstallationBuildProductsLocation

ClangStatCache /Applications/Xcode_16.4.app/Contents/Developer/Toolchains/XcodeDefault.xctoolchain/usr/bin/clang-stat-cache /Applications/Xcode_16.4.app/Contents/Developer/Platforms/iPhoneOS.platform/Developer/SDKs/iPhoneOS18.5.sdk /Users/runner/work/karaokemic-verify/karaokemic-verify/build/DerivedData/SDKStatCaches.noindex/iphoneos18.5-22F76-a529daf784b3616c7c04a36aeb7f5c05.sdkstatcache
    cd /Users/runner/work/karaokemic-verify/karaokemic-verify/KaraokeMicVerify.xcodeproj
    /Applications/Xcode_16.4.app/Contents/Developer/Toolchains/XcodeDefault.xctoolchain/usr/bin/clang-stat-cache /Applications/Xcode_16.4.app/Contents/Developer/Platforms/iPhoneOS.platform/Developer/SDKs/iPhoneOS18.5.sdk -o /Users/runner/work/karaokemic-verify/karaokemic-verify/build/DerivedData/SDKStatCaches.noindex/iphoneos18.5-22F76-a529daf784b3616c7c04a36aeb7f5c05.sdkstatcache

CreateBuildDirectory /Users/runner/work/karaokemic-verify/karaokemic-verify/build/DerivedData/Build/Intermediates.noindex/ArchiveIntermediates/KaraokeMic/IntermediateBuildFilesPath
    cd /Users/runner/work/karaokemic-verify/karaokemic-verify/KaraokeMicVerify.xcodeproj
    builtin-create-build-directory /Users/runner/work/karaokemic-verify/karaokemic-verify/build/DerivedData/Build/Intermediates.noindex/ArchiveIntermediates/KaraokeMic/IntermediateBuildFilesPath

CreateBuildDirectory /Users/runner/work/karaokemic-verify/karaokemic-verify/build/DerivedData/Build/Intermediates.noindex/ArchiveIntermediates/KaraokeMic/BuildProductsPath
    cd /Users/runner/work/karaokemic-verify/karaokemic-verify/KaraokeMicVerify.xcodeproj
    builtin-create-build-directory /Users/runner/work/karaokemic-verify/karaokemic-verify/build/DerivedData/Build/Intermediates.noindex/ArchiveIntermediates/KaraokeMic/BuildProductsPath

WriteAuxiliaryFile /Users/runner/work/karaokemic-verify/karaokemic-verify/build/DerivedData/Build/Intermediates.noindex/ArchiveIntermediates/KaraokeMic/IntermediateBuildFilesPath/KaraokeMicVerify.build/Release-iphoneos/KaraokeMicVerify-6ec86b72d2fcf7065a3d238b84b8f601-VFS-iphoneos/all-product-headers.yaml
    cd /Users/runner/work/karaokemic-verify/karaokemic-verify/KaraokeMicVerify.xcodeproj
    write-file /Users/runner/work/karaokemic-verify/karaokemic-verify/build/DerivedData/Build/Intermediates.noindex/ArchiveIntermediates/KaraokeMic/IntermediateBuildFilesPath/KaraokeMicVerify.build/Release-iphoneos/KaraokeMicVerify-6ec86b72d2fcf7065a3d238b84b8f601-VFS-iphoneos/all-product-headers.yaml

CreateBuildDirectory /Users/runner/work/karaokemic-verify/karaokemic-verify/build/DerivedData/Build/Intermediates.noindex/ArchiveIntermediates/KaraokeMic/IntermediateBuildFilesPath/EagerLinkingTBDs/Release-iphoneos
    cd /Users/runner/work/karaokemic-verify/karaokemic-verify/KaraokeMicVerify.xcodeproj
    builtin-create-build-directory /Users/runner/work/karaokemic-verify/karaokemic-verify/build/DerivedData/Build/Intermediates.noindex/ArchiveIntermediates/KaraokeMic/IntermediateBuildFilesPath/EagerLinkingTBDs/Release-iphoneos

CreateBuildDirectory /Users/runner/work/karaokemic-verify/karaokemic-verify/build/DerivedData/Build/Intermediates.noindex/ArchiveIntermediates/KaraokeMic/BuildProductsPath/Release-iphoneos
    cd /Users/runner/work/karaokemic-verify/karaokemic-verify/KaraokeMicVerify.xcodeproj
    builtin-create-build-directory /Users/runner/work/karaokemic-verify/karaokemic-verify/build/DerivedData/Build/Intermediates.noindex/ArchiveIntermediates/KaraokeMic/BuildProductsPath/Release-iphoneos

WriteAuxiliaryFile /Users/runner/work/karaokemic-verify/karaokemic-verify/build/DerivedData/Build/Intermediates.noindex/ArchiveIntermediates/KaraokeMic/IntermediateBuildFilesPath/KaraokeMicVerify.build/Release-iphoneos/KaraokeMic.build/Objects-normal/arm64/KaraokeMic_const_extract_protocols.json (in target 'KaraokeMic' from project 'KaraokeMicVerify')
    cd /Users/runner/work/karaokemic-verify/karaokemic-verify
    write-file /Users/runner/work/karaokemic-verify/karaokemic-verify/build/DerivedData/Build/Intermediates.noindex/ArchiveIntermediates/KaraokeMic/IntermediateBuildFilesPath/KaraokeMicVerify.build/Release-iphoneos/KaraokeMic.build/Objects-normal/arm64/KaraokeMic_const_extract_protocols.json

WriteAuxiliaryFile /Users/runner/work/karaokemic-verify/karaokemic-verify/build/DerivedData/Build/Intermediates.noindex/ArchiveIntermediates/KaraokeMic/IntermediateBuildFilesPath/KaraokeMicVerify.build/Release-iphoneos/KaraokeMic.build/Objects-normal/arm64/KaraokeMic.SwiftFileList (in target 'KaraokeMic' from project 'KaraokeMicVerify')
    cd /Users/runner/work/karaokemic-verify/karaokemic-verify
    write-file /Users/runner/work/karaokemic-verify/karaokemic-verify/build/DerivedData/Build/Intermediates.noindex/ArchiveIntermediates/KaraokeMic/IntermediateBuildFilesPath/KaraokeMicVerify.build/Release-iphoneos/KaraokeMic.build/Objects-normal/arm64/KaraokeMic.SwiftFileList

WriteAuxiliaryFile /Users/runner/work/karaokemic-verify/karaokemic-verify/build/DerivedData/Build/Intermediates.noindex/ArchiveIntermediates/KaraokeMic/IntermediateBuildFilesPath/KaraokeMicVerify.build/Release-iphoneos/KaraokeMic.build/Objects-normal/arm64/KaraokeMic.SwiftConstValuesFileList (in target 'KaraokeMic' from project 'KaraokeMicVerify')
    cd /Users/runner/work/karaokemic-verify/karaokemic-verify
    write-file /Users/runner/work/karaokemic-verify/karaokemic-verify/build/DerivedData/Build/Intermediates.noindex/ArchiveIntermediates/KaraokeMic/IntermediateBuildFilesPath/KaraokeMicVerify.build/Release-iphoneos/KaraokeMic.build/Objects-normal/arm64/KaraokeMic.SwiftConstValuesFileList

WriteAuxiliaryFile /Users/runner/work/karaokemic-verify/karaokemic-verify/build/DerivedData/Build/Intermediates.noindex/ArchiveIntermediates/KaraokeMic/IntermediateBuildFilesPath/KaraokeMicVerify.build/Release-iphoneos/KaraokeMic.build/Objects-normal/arm64/KaraokeMic.LinkFileList (in target 'KaraokeMic' from project 'KaraokeMicVerify')
    cd /Users/runner/work/karaokemic-verify/karaokemic-verify
    write-file /Users/runner/work/karaokemic-verify/karaokemic-verify/build/DerivedData/Build/Intermediates.noindex/ArchiveIntermediates/KaraokeMic/IntermediateBuildFilesPath/KaraokeMicVerify.build/Release-iphoneos/KaraokeMic.build/Objects-normal/arm64/KaraokeMic.LinkFileList

WriteAuxiliaryFile /Users/runner/work/karaokemic-verify/karaokemic-verify/build/DerivedData/Build/Intermediates.noindex/ArchiveIntermediates/KaraokeMic/IntermediateBuildFilesPath/KaraokeMicVerify.build/Release-iphoneos/KaraokeMic.build/Objects-normal/arm64/KaraokeMic-OutputFileMap.json (in target 'KaraokeMic' from project 'KaraokeMicVerify')
    cd /Users/runner/work/karaokemic-verify/karaokemic-verify
    write-file /Users/runner/work/karaokemic-verify/karaokemic-verify/build/DerivedData/Build/Intermediates.noindex/ArchiveIntermediates/KaraokeMic/IntermediateBuildFilesPath/KaraokeMicVerify.build/Release-iphoneos/KaraokeMic.build/Objects-normal/arm64/KaraokeMic-OutputFileMap.json

WriteAuxiliaryFile /Users/runner/work/karaokemic-verify/karaokemic-verify/build/DerivedData/Build/Intermediates.noindex/ArchiveIntermediates/KaraokeMic/IntermediateBuildFilesPath/KaraokeMicVerify.build/Release-iphoneos/KaraokeMic.build/KaraokeMic.hmap (in target 'KaraokeMic' from project 'KaraokeMicVerify')
    cd /Users/runner/work/karaokemic-verify/karaokemic-verify
    write-file /Users/runner/work/karaokemic-verify/karaokemic-verify/build/DerivedData/Build/Intermediates.noindex/ArchiveIntermediates/KaraokeMic/IntermediateBuildFilesPath/KaraokeMicVerify.build/Release-iphoneos/KaraokeMic.build/KaraokeMic.hmap

WriteAuxiliaryFile /Users/runner/work/karaokemic-verify/karaokemic-verify/build/DerivedData/Build/Intermediates.noindex/ArchiveIntermediates/KaraokeMic/IntermediateBuildFilesPath/KaraokeMicVerify.build/Release-iphoneos/KaraokeMic.build/KaraokeMic.DependencyStaticMetadataFileList (in target 'KaraokeMic' from project 'KaraokeMicVerify')
    cd /Users/runner/work/karaokemic-verify/karaokemic-verify
    write-file /Users/runner/work/karaokemic-verify/karaokemic-verify/build/DerivedData/Build/Intermediates.noindex/ArchiveIntermediates/KaraokeMic/IntermediateBuildFilesPath/KaraokeMicVerify.build/Release-iphoneos/KaraokeMic.build/KaraokeMic.DependencyStaticMetadataFileList

WriteAuxiliaryFile /Users/runner/work/karaokemic-verify/karaokemic-verify/build/DerivedData/Build/Intermediates.noindex/ArchiveIntermediates/KaraokeMic/IntermediateBuildFilesPath/KaraokeMicVerify.build/Release-iphoneos/KaraokeMic.build/KaraokeMic.DependencyMetadataFileList (in target 'KaraokeMic' from project 'KaraokeMicVerify')
    cd /Users/runner/work/karaokemic-verify/karaokemic-verify
    write-file /Users/runner/work/karaokemic-verify/karaokemic-verify/build/DerivedData/Build/Intermediates.noindex/ArchiveIntermediates/KaraokeMic/IntermediateBuildFilesPath/KaraokeMicVerify.build/Release-iphoneos/KaraokeMic.build/KaraokeMic.DependencyMetadataFileList

WriteAuxiliaryFile /Users/runner/work/karaokemic-verify/karaokemic-verify/build/DerivedData/Build/Intermediates.noindex/ArchiveIntermediates/KaraokeMic/IntermediateBuildFilesPath/KaraokeMicVerify.build/Release-iphoneos/KaraokeMic.build/KaraokeMic-project-headers.hmap (in target 'KaraokeMic' from project 'KaraokeMicVerify')
    cd /Users/runner/work/karaokemic-verify/karaokemic-verify
    write-file /Users/runner/work/karaokemic-verify/karaokemic-verify/build/DerivedData/Build/Intermediates.noindex/ArchiveIntermediates/KaraokeMic/IntermediateBuildFilesPath/KaraokeMicVerify.build/Release-iphoneos/KaraokeMic.build/KaraokeMic-project-headers.hmap

WriteAuxiliaryFile /Users/runner/work/karaokemic-verify/karaokemic-verify/build/DerivedData/Build/Intermediates.noindex/ArchiveIntermediates/KaraokeMic/IntermediateBuildFilesPath/KaraokeMicVerify.build/Release-iphoneos/KaraokeMic.build/KaraokeMic-own-target-headers.hmap (in target 'KaraokeMic' from project 'KaraokeMicVerify')
    cd /Users/runner/work/karaokemic-verify/karaokemic-verify
    write-file /Users/runner/work/karaokemic-verify/karaokemic-verify/build/DerivedData/Build/Intermediates.noindex/ArchiveIntermediates/KaraokeMic/IntermediateBuildFilesPath/KaraokeMicVerify.build/Release-iphoneos/KaraokeMic.build/KaraokeMic-own-target-headers.hmap

WriteAuxiliaryFile /Users/runner/work/karaokemic-verify/karaokemic-verify/build/DerivedData/Build/Intermediates.noindex/ArchiveIntermediates/KaraokeMic/IntermediateBuildFilesPath/KaraokeMicVerify.build/Release-iphoneos/KaraokeMic.build/KaraokeMic-generated-files.hmap (in target 'KaraokeMic' from project 'KaraokeMicVerify')
    cd /Users/runner/work/karaokemic-verify/karaokemic-verify
    write-file /Users/runner/work/karaokemic-verify/karaokemic-verify/build/DerivedData/Build/Intermediates.noindex/ArchiveIntermediates/KaraokeMic/IntermediateBuildFilesPath/KaraokeMicVerify.build/Release-iphoneos/KaraokeMic.build/KaraokeMic-generated-files.hmap

WriteAuxiliaryFile /Users/runner/work/karaokemic-verify/karaokemic-verify/build/DerivedData/Build/Intermediates.noindex/ArchiveIntermediates/KaraokeMic/IntermediateBuildFilesPath/KaraokeMicVerify.build/Release-iphoneos/KaraokeMic.build/KaraokeMic-all-target-headers.hmap (in target 'KaraokeMic' from project 'KaraokeMicVerify')
    cd /Users/runner/work/karaokemic-verify/karaokemic-verify
    write-file /Users/runner/work/karaokemic-verify/karaokemic-verify/build/DerivedData/Build/Intermediates.noindex/ArchiveIntermediates/KaraokeMic/IntermediateBuildFilesPath/KaraokeMicVerify.build/Release-iphoneos/KaraokeMic.build/KaraokeMic-all-target-headers.hmap

WriteAuxiliaryFile /Users/runner/work/karaokemic-verify/karaokemic-verify/build/DerivedData/Build/Intermediates.noindex/ArchiveIntermediates/KaraokeMic/IntermediateBuildFilesPath/KaraokeMicVerify.build/Release-iphoneos/KaraokeMic.build/KaraokeMic-all-non-framework-target-headers.hmap (in target 'KaraokeMic' from project 'KaraokeMicVerify')
    cd /Users/runner/work/karaokemic-verify/karaokemic-verify
    write-file /Users/runner/work/karaokemic-verify/karaokemic-verify/build/DerivedData/Build/Intermediates.noindex/ArchiveIntermediates/KaraokeMic/IntermediateBuildFilesPath/KaraokeMicVerify.build/Release-iphoneos/KaraokeMic.build/KaraokeMic-all-non-framework-target-headers.hmap

SymLink /Users/runner/work/karaokemic-verify/karaokemic-verify/build/DerivedData/Build/Intermediates.noindex/ArchiveIntermediates/KaraokeMic/BuildProductsPath/Release-iphoneos/KaraokeMic.app ../../InstallationBuildProductsLocation/Applications/KaraokeMic.app (in target 'KaraokeMic' from project 'KaraokeMicVerify')
    cd /Users/runner/work/karaokemic-verify/karaokemic-verify
    /bin/ln -sfh ../../InstallationBuildProductsLocation/Applications/KaraokeMic.app /Users/runner/work/karaokemic-verify/karaokemic-verify/build/DerivedData/Build/Intermediates.noindex/ArchiveIntermediates/KaraokeMic/BuildProductsPath/Release-iphoneos/KaraokeMic.app

MkDir /Users/runner/work/karaokemic-verify/karaokemic-verify/build/DerivedData/Build/Intermediates.noindex/ArchiveIntermediates/KaraokeMic/InstallationBuildProductsLocation/Applications/KaraokeMic.app (in target 'KaraokeMic' from project 'KaraokeMicVerify')
    cd /Users/runner/work/karaokemic-verify/karaokemic-verify
    /bin/mkdir -p /Users/runner/work/karaokemic-verify/karaokemic-verify/build/DerivedData/Build/Intermediates.noindex/ArchiveIntermediates/KaraokeMic/InstallationBuildProductsLocation/Applications/KaraokeMic.app

MkDir /Users/runner/work/karaokemic-verify/karaokemic-verify/build/DerivedData/Build/Intermediates.noindex/ArchiveIntermediates/KaraokeMic/IntermediateBuildFilesPath/KaraokeMicVerify.build/Release-iphoneos/KaraokeMic.build/assetcatalog_output/unthinned (in target 'KaraokeMic' from project 'KaraokeMicVerify')
    cd /Users/runner/work/karaokemic-verify/karaokemic-verify
    /bin/mkdir -p /Users/runner/work/karaokemic-verify/karaokemic-verify/build/DerivedData/Build/Intermediates.noindex/ArchiveIntermediates/KaraokeMic/IntermediateBuildFilesPath/KaraokeMicVerify.build/Release-iphoneos/KaraokeMic.build/assetcatalog_output/unthinned

MkDir /Users/runner/work/karaokemic-verify/karaokemic-verify/build/DerivedData/Build/Intermediates.noindex/ArchiveIntermediates/KaraokeMic/IntermediateBuildFilesPath/KaraokeMicVerify.build/Release-iphoneos/KaraokeMic.build/assetcatalog_output/thinned (in target 'KaraokeMic' from project 'KaraokeMicVerify')
    cd /Users/runner/work/karaokemic-verify/karaokemic-verify
    /bin/mkdir -p /Users/runner/work/karaokemic-verify/karaokemic-verify/build/DerivedData/Build/Intermediates.noindex/ArchiveIntermediates/KaraokeMic/IntermediateBuildFilesPath/KaraokeMicVerify.build/Release-iphoneos/KaraokeMic.build/assetcatalog_output/thinned

GenerateAssetSymbols /Users/runner/work/karaokemic-verify/karaokemic-verify/KaraokeMic/Resources/Assets.xcassets (in target 'KaraokeMic' from project 'KaraokeMicVerify')
    cd /Users/runner/work/karaokemic-verify/karaokemic-verify
    /Applications/Xcode_16.4.app/Contents/Developer/usr/bin/actool /Users/runner/work/karaokemic-verify/karaokemic-verify/KaraokeMic/Resources/Assets.xcassets --compile /Users/runner/work/karaokemic-verify/karaokemic-verify/build/DerivedData/Build/Intermediates.noindex/ArchiveIntermediates/KaraokeMic/InstallationBuildProductsLocation/Applications/KaraokeMic.app --output-format human-readable-text --notices --warnings --export-dependency-info /Users/runner/work/karaokemic-verify/karaokemic-verify/build/DerivedData/Build/Intermediates.noindex/ArchiveIntermediates/KaraokeMic/IntermediateBuildFilesPath/KaraokeMicVerify.build/Release-iphoneos/KaraokeMic.build/assetcatalog_dependencies --output-partial-info-plist /Users/runner/work/karaokemic-verify/karaokemic-verify/build/DerivedData/Build/Intermediates.noindex/ArchiveIntermediates/KaraokeMic/IntermediateBuildFilesPath/KaraokeMicVerify.build/Release-iphoneos/KaraokeMic.build/assetcatalog_generated_info.plist --app-icon AppIcon --compress-pngs --enable-on-demand-resources YES --development-region zh-Hans --target-device iphone --minimum-deployment-target 15.0 --platform iphoneos --bundle-identifier com.xuebao.karamic --generate-swift-asset-symbol-extensions NO --generate-swift-asset-symbols /Users/runner/work/karaokemic-verify/karaokemic-verify/build/DerivedData/Build/Intermediates.noindex/ArchiveIntermediates/KaraokeMic/IntermediateBuildFilesPath/KaraokeMicVerify.build/Release-iphoneos/KaraokeMic.build/DerivedSources/GeneratedAssetSymbols.swift --generate-objc-asset-symbols /Users/runner/work/karaokemic-verify/karaokemic-verify/build/DerivedData/Build/Intermediates.noindex/ArchiveIntermediates/KaraokeMic/IntermediateBuildFilesPath/KaraokeMicVerify.build/Release-iphoneos/KaraokeMic.build/DerivedSources/GeneratedAssetSymbols.h --generate-asset-symbol-index /Users/runner/work/karaokemic-verify/karaokemic-verify/build/DerivedData/Build/Intermediates.noindex/ArchiveIntermediates/KaraokeMic/IntermediateBuildFilesPath/KaraokeMicVerify.build/Release-iphoneos/KaraokeMic.build/DerivedSources/GeneratedAssetSymbols-Index.plist
/* com.apple.actool.compilation-results */
/Users/runner/work/karaokemic-verify/karaokemic-verify/build/DerivedData/Build/Intermediates.noindex/ArchiveIntermediates/KaraokeMic/IntermediateBuildFilesPath/KaraokeMicVerify.build/Release-iphoneos/KaraokeMic.build/DerivedSources/GeneratedAssetSymbols-Index.plist
/Users/runner/work/karaokemic-verify/karaokemic-verify/build/DerivedData/Build/Intermediates.noindex/ArchiveIntermediates/KaraokeMic/IntermediateBuildFilesPath/KaraokeMicVerify.build/Release-iphoneos/KaraokeMic.build/DerivedSources/GeneratedAssetSymbols.h
/Users/runner/work/karaokemic-verify/karaokemic-verify/build/DerivedData/Build/Intermediates.noindex/ArchiveIntermediates/KaraokeMic/IntermediateBuildFilesPath/KaraokeMicVerify.build/Release-iphoneos/KaraokeMic.build/DerivedSources/GeneratedAssetSymbols.swift


CompileAssetCatalogVariant thinned /Users/runner/work/karaokemic-verify/karaokemic-verify/build/DerivedData/Build/Intermediates.noindex/ArchiveIntermediates/KaraokeMic/InstallationBuildProductsLocation/Applications/KaraokeMic.app /Users/runner/work/karaokemic-verify/karaokemic-verify/KaraokeMic/Resources/Assets.xcassets (in target 'KaraokeMic' from project 'KaraokeMicVerify')
    cd /Users/runner/work/karaokemic-verify/karaokemic-verify
    /Applications/Xcode_16.4.app/Contents/Developer/usr/bin/actool /Users/runner/work/karaokemic-verify/karaokemic-verify/KaraokeMic/Resources/Assets.xcassets --compile /Users/runner/work/karaokemic-verify/karaokemic-verify/build/DerivedData/Build/Intermediates.noindex/ArchiveIntermediates/KaraokeMic/IntermediateBuildFilesPath/KaraokeMicVerify.build/Release-iphoneos/KaraokeMic.build/assetcatalog_output/thinned --output-format human-readable-text --notices --warnings --export-dependency-info /Users/runner/work/karaokemic-verify/karaokemic-verify/build/DerivedData/Build/Intermediates.noindex/ArchiveIntermediates/KaraokeMic/IntermediateBuildFilesPath/KaraokeMicVerify.build/Release-iphoneos/KaraokeMic.build/assetcatalog_dependencies_thinned --output-partial-info-plist /Users/runner/work/karaokemic-verify/karaokemic-verify/build/DerivedData/Build/Intermediates.noindex/ArchiveIntermediates/KaraokeMic/IntermediateBuildFilesPath/KaraokeMicVerify.build/Release-iphoneos/KaraokeMic.build/assetcatalog_generated_info.plist_thinned --app-icon AppIcon --compress-pngs --enable-on-demand-resources YES --development-region zh-Hans --target-device iphone --minimum-deployment-target 15.0 --platform iphoneos
/* com.apple.actool.compilation-results */
/Users/runner/work/karaokemic-verify/karaokemic-verify/build/DerivedData/Build/Intermediates.noindex/ArchiveIntermediates/KaraokeMic/IntermediateBuildFilesPath/KaraokeMicVerify.build/Release-iphoneos/KaraokeMic.build/assetcatalog_generated_info.plist_thinned
/Users/runner/work/karaokemic-verify/karaokemic-verify/build/DerivedData/Build/Intermediates.noindex/ArchiveIntermediates/KaraokeMic/IntermediateBuildFilesPath/KaraokeMicVerify.build/Release-iphoneos/KaraokeMic.build/assetcatalog_output/thinned/AppIcon60x60@2x.png
/Users/runner/work/karaokemic-verify/karaokemic-verify/build/DerivedData/Build/Intermediates.noindex/ArchiveIntermediates/KaraokeMic/IntermediateBuildFilesPath/KaraokeMicVerify.build/Release-iphoneos/KaraokeMic.build/assetcatalog_output/thinned/AppIcon76x76@2x~ipad.png
/Users/runner/work/karaokemic-verify/karaokemic-verify/build/DerivedData/Build/Intermediates.noindex/ArchiveIntermediates/KaraokeMic/IntermediateBuildFilesPath/KaraokeMicVerify.build/Release-iphoneos/KaraokeMic.build/assetcatalog_output/thinned/Assets.car


SwiftDriver KaraokeMic normal arm64 com.apple.xcode.tools.swift.compiler (in target 'KaraokeMic' from project 'KaraokeMicVerify')
    cd /Users/runner/work/karaokemic-verify/karaokemic-verify
    builtin-SwiftDriver -- /Applications/Xcode_16.4.app/Contents/Developer/Toolchains/XcodeDefault.xctoolchain/usr/bin/swiftc -module-name KaraokeMic -O -whole-module-optimization -enforce-exclusivity\=checked @/Users/runner/work/karaokemic-verify/karaokemic-verify/build/DerivedData/Build/Intermediates.noindex/ArchiveIntermediates/KaraokeMic/IntermediateBuildFilesPath/KaraokeMicVerify.build/Release-iphoneos/KaraokeMic.build/Objects-normal/arm64/KaraokeMic.SwiftFileList -D RELEASE_BUILD -enable-bare-slash-regex -enable-experimental-feature DebugDescriptionMacro -sdk /Applications/Xcode_16.4.app/Contents/Developer/Platforms/iPhoneOS.platform/Developer/SDKs/iPhoneOS18.5.sdk -target arm64-apple-ios15.0 -g -module-cache-path /Users/runner/work/karaokemic-verify/karaokemic-verify/build/DerivedData/ModuleCache.noindex -Xfrontend -serialize-debugging-options -swift-version 5 -I /Users/runner/work/karaokemic-verify/karaokemic-verify/build/DerivedData/Build/Intermediates.noindex/ArchiveIntermediates/KaraokeMic/BuildProductsPath/Release-iphoneos -F /Users/runner/work/karaokemic-verify/karaokemic-verify/build/DerivedData/Build/Intermediates.noindex/ArchiveIntermediates/KaraokeMic/BuildProductsPath/Release-iphoneos -c -num-threads 3 -Xcc -ivfsstatcache -Xcc /Users/runner/work/karaokemic-verify/karaokemic-verify/build/DerivedData/SDKStatCaches.noindex/iphoneos18.5-22F76-a529daf784b3616c7c04a36aeb7f5c05.sdkstatcache -output-file-map /Users/runner/work/karaokemic-verify/karaokemic-verify/build/DerivedData/Build/Intermediates.noindex/ArchiveIntermediates/KaraokeMic/IntermediateBuildFilesPath/KaraokeMicVerify.build/Release-iphoneos/KaraokeMic.build/Objects-normal/arm64/KaraokeMic-OutputFileMap.json -use-frontend-parseable-output -save-temps -no-color-diagnostics -serialize-diagnostics -emit-dependencies -emit-module -emit-module-path /Users/runner/work/karaokemic-verify/karaokemic-verify/build/DerivedData/Build/Intermediates.noindex/ArchiveIntermediates/KaraokeMic/IntermediateBuildFilesPath/KaraokeMicVerify.build/Release-iphoneos/KaraokeMic.build/Objects-normal/arm64/KaraokeMic.swiftmodule -validate-clang-modules-once -clang-build-session-file /Users/runner/work/karaokemic-verify/karaokemic-verify/build/DerivedData/ModuleCache.noindex/Session.modulevalidation -Xcc -I/Users/runner/work/karaokemic-verify/karaokemic-verify/build/DerivedData/Build/Intermediates.noindex/ArchiveIntermediates/KaraokeMic/IntermediateBuildFilesPath/KaraokeMicVerify.build/Release-iphoneos/KaraokeMic.build/swift-overrides.hmap -emit-const-values -Xfrontend -const-gather-protocols-file -Xfrontend /Users/runner/work/karaokemic-verify/karaokemic-verify/build/DerivedData/Build/Intermediates.noindex/ArchiveIntermediates/KaraokeMic/IntermediateBuildFilesPath/KaraokeMicVerify.build/Release-iphoneos/KaraokeMic.build/Objects-normal/arm64/KaraokeMic_const_extract_protocols.json -Xcc -iquote -Xcc /Users/runner/work/karaokemic-verify/karaokemic-verify/build/DerivedData/Build/Intermediates.noindex/ArchiveIntermediates/KaraokeMic/IntermediateBuildFilesPath/KaraokeMicVerify.build/Release-iphoneos/KaraokeMic.build/KaraokeMic-generated-files.hmap -Xcc -I/Users/runner/work/karaokemic-verify/karaokemic-verify/build/DerivedData/Build/Intermediates.noindex/ArchiveIntermediates/KaraokeMic/IntermediateBuildFilesPath/KaraokeMicVerify.build/Release-iphoneos/KaraokeMic.build/KaraokeMic-own-target-headers.hmap -Xcc -I/Users/runner/work/karaokemic-verify/karaokemic-verify/build/DerivedData/Build/Intermediates.noindex/ArchiveIntermediates/KaraokeMic/IntermediateBuildFilesPath/KaraokeMicVerify.build/Release-iphoneos/KaraokeMic.build/KaraokeMic-all-target-headers.hmap -Xcc -iquote -Xcc /Users/runner/work/karaokemic-verify/karaokemic-verify/build/DerivedData/Build/Intermediates.noindex/ArchiveIntermediates/KaraokeMic/IntermediateBuildFilesPath/KaraokeMicVerify.build/Release-iphoneos/KaraokeMic.build/KaraokeMic-project-headers.hmap -Xcc -I/Users/runner/work/karaokemic-verify/karaokemic-verify/build/DerivedData/Build/Intermediates.noindex/ArchiveIntermediates/KaraokeMic/BuildProductsPath/Release-iphoneos/include -Xcc -I/Users/runner/work/karaokemic-verify/karaokemic-verify/build/DerivedData/Build/Intermediates.noindex/ArchiveIntermediates/KaraokeMic/IntermediateBuildFilesPath/KaraokeMicVerify.build/Release-iphoneos/KaraokeMic.build/DerivedSources-normal/arm64 -Xcc -I/Users/runner/work/karaokemic-verify/karaokemic-verify/build/DerivedData/Build/Intermediates.noindex/ArchiveIntermediates/KaraokeMic/IntermediateBuildFilesPath/KaraokeMicVerify.build/Release-iphoneos/KaraokeMic.build/DerivedSources/arm64 -Xcc -I/Users/runner/work/karaokemic-verify/karaokemic-verify/build/DerivedData/Build/Intermediates.noindex/ArchiveIntermediates/KaraokeMic/IntermediateBuildFilesPath/KaraokeMicVerify.build/Release-iphoneos/KaraokeMic.build/DerivedSources -emit-objc-header -emit-objc-header-path /Users/runner/work/karaokemic-verify/karaokemic-verify/build/DerivedData/Build/Intermediates.noindex/ArchiveIntermediates/KaraokeMic/IntermediateBuildFilesPath/KaraokeMicVerify.build/Release-iphoneos/KaraokeMic.build/Objects-normal/arm64/KaraokeMic-Swift.h -working-directory /Users/runner/work/karaokemic-verify/karaokemic-verify -no-emit-module-separately-wmo

SwiftDriver\ Compilation KaraokeMic normal arm64 com.apple.xcode.tools.swift.compiler (in target 'KaraokeMic' from project 'KaraokeMicVerify')
    cd /Users/runner/work/karaokemic-verify/karaokemic-verify
    builtin-Swift-Compilation -- /Applications/Xcode_16.4.app/Contents/Developer/Toolchains/XcodeDefault.xctoolchain/usr/bin/swiftc -module-name KaraokeMic -O -whole-module-optimization -enforce-exclusivity\=checked @/Users/runner/work/karaokemic-verify/karaokemic-verify/build/DerivedData/Build/Intermediates.noindex/ArchiveIntermediates/KaraokeMic/IntermediateBuildFilesPath/KaraokeMicVerify.build/Release-iphoneos/KaraokeMic.build/Objects-normal/arm64/KaraokeMic.SwiftFileList -D RELEASE_BUILD -enable-bare-slash-regex -enable-experimental-feature DebugDescriptionMacro -sdk /Applications/Xcode_16.4.app/Contents/Developer/Platforms/iPhoneOS.platform/Developer/SDKs/iPhoneOS18.5.sdk -target arm64-apple-ios15.0 -g -module-cache-path /Users/runner/work/karaokemic-verify/karaokemic-verify/build/DerivedData/ModuleCache.noindex -Xfrontend -serialize-debugging-options -swift-version 5 -I /Users/runner/work/karaokemic-verify/karaokemic-verify/build/DerivedData/Build/Intermediates.noindex/ArchiveIntermediates/KaraokeMic/BuildProductsPath/Release-iphoneos -F /Users/runner/work/karaokemic-verify/karaokemic-verify/build/DerivedData/Build/Intermediates.noindex/ArchiveIntermediates/KaraokeMic/BuildProductsPath/Release-iphoneos -c -num-threads 3 -Xcc -ivfsstatcache -Xcc /Users/runner/work/karaokemic-verify/karaokemic-verify/build/DerivedData/SDKStatCaches.noindex/iphoneos18.5-22F76-a529daf784b3616c7c04a36aeb7f5c05.sdkstatcache -output-file-map /Users/runner/work/karaokemic-verify/karaokemic-verify/build/DerivedData/Build/Intermediates.noindex/ArchiveIntermediates/KaraokeMic/IntermediateBuildFilesPath/KaraokeMicVerify.build/Release-iphoneos/KaraokeMic.build/Objects-normal/arm64/KaraokeMic-OutputFileMap.json -use-frontend-parseable-output -save-temps -no-color-diagnostics -serialize-diagnostics -emit-dependencies -emit-module -emit-module-path /Users/runner/work/karaokemic-verify/karaokemic-verify/build/DerivedData/Build/Intermediates.noindex/ArchiveIntermediates/KaraokeMic/IntermediateBuildFilesPath/KaraokeMicVerify.build/Release-iphoneos/KaraokeMic.build/Objects-normal/arm64/KaraokeMic.swiftmodule -validate-clang-modules-once -clang-build-session-file /Users/runner/work/karaokemic-verify/karaokemic-verify/build/DerivedData/ModuleCache.noindex/Session.modulevalidation -Xcc -I/Users/runner/work/karaokemic-verify/karaokemic-verify/build/DerivedData/Build/Intermediates.noindex/ArchiveIntermediates/KaraokeMic/IntermediateBuildFilesPath/KaraokeMicVerify.build/Release-iphoneos/KaraokeMic.build/swift-overrides.hmap -emit-const-values -Xfrontend -const-gather-protocols-file -Xfrontend /Users/runner/work/karaokemic-verify/karaokemic-verify/build/DerivedData/Build/Intermediates.noindex/ArchiveIntermediates/KaraokeMic/IntermediateBuildFilesPath/KaraokeMicVerify.build/Release-iphoneos/KaraokeMic.build/Objects-normal/arm64/KaraokeMic_const_extract_protocols.json -Xcc -iquote -Xcc /Users/runner/work/karaokemic-verify/karaokemic-verify/build/DerivedData/Build/Intermediates.noindex/ArchiveIntermediates/KaraokeMic/IntermediateBuildFilesPath/KaraokeMicVerify.build/Release-iphoneos/KaraokeMic.build/KaraokeMic-generated-files.hmap -Xcc -I/Users/runner/work/karaokemic-verify/karaokemic-verify/build/DerivedData/Build/Intermediates.noindex/ArchiveIntermediates/KaraokeMic/IntermediateBuildFilesPath/KaraokeMicVerify.build/Release-iphoneos/KaraokeMic.build/KaraokeMic-own-target-headers.hmap -Xcc -I/Users/runner/work/karaokemic-verify/karaokemic-verify/build/DerivedData/Build/Intermediates.noindex/ArchiveIntermediates/KaraokeMic/IntermediateBuildFilesPath/KaraokeMicVerify.build/Release-iphoneos/KaraokeMic.build/KaraokeMic-all-target-headers.hmap -Xcc -iquote -Xcc /Users/runner/work/karaokemic-verify/karaokemic-verify/build/DerivedData/Build/Intermediates.noindex/ArchiveIntermediates/KaraokeMic/IntermediateBuildFilesPath/KaraokeMicVerify.build/Release-iphoneos/KaraokeMic.build/KaraokeMic-project-headers.hmap -Xcc -I/Users/runner/work/karaokemic-verify/karaokemic-verify/build/DerivedData/Build/Intermediates.noindex/ArchiveIntermediates/KaraokeMic/BuildProductsPath/Release-iphoneos/include -Xcc -I/Users/runner/work/karaokemic-verify/karaokemic-verify/build/DerivedData/Build/Intermediates.noindex/ArchiveIntermediates/KaraokeMic/IntermediateBuildFilesPath/KaraokeMicVerify.build/Release-iphoneos/KaraokeMic.build/DerivedSources-normal/arm64 -Xcc -I/Users/runner/work/karaokemic-verify/karaokemic-verify/build/DerivedData/Build/Intermediates.noindex/ArchiveIntermediates/KaraokeMic/IntermediateBuildFilesPath/KaraokeMicVerify.build/Release-iphoneos/KaraokeMic.build/DerivedSources/arm64 -Xcc -I/Users/runner/work/karaokemic-verify/karaokemic-verify/build/DerivedData/Build/Intermediates.noindex/ArchiveIntermediates/KaraokeMic/IntermediateBuildFilesPath/KaraokeMicVerify.build/Release-iphoneos/KaraokeMic.build/DerivedSources -emit-objc-header -emit-objc-header-path /Users/runner/work/karaokemic-verify/karaokemic-verify/build/DerivedData/Build/Intermediates.noindex/ArchiveIntermediates/KaraokeMic/IntermediateBuildFilesPath/KaraokeMicVerify.build/Release-iphoneos/KaraokeMic.build/Objects-normal/arm64/KaraokeMic-Swift.h -working-directory /Users/runner/work/karaokemic-verify/karaokemic-verify -no-emit-module-separately-wmo

SwiftCompile normal arm64 Compiling\ AdaptiveEchoCanceller.swift,\ AppViewModel.swift,\ AudioEngine.swift,\ Biquad.swift,\ Components.swift,\ DeviceView.swift,\ HomeView.swift,\ HowlingSuppressor.swift,\ KaraokeMicApp.swift,\ NetworkController.swift,\ Protocol.swift,\ Reverb.swift,\ SettingsView.swift,\ SignalChain.swift,\ StudioView.swift,\ Theme.swift,\ GeneratedAssetSymbols.swift /Users/runner/work/karaokemic-verify/karaokemic-verify/KaraokeMic/Audio/AdaptiveEchoCanceller.swift /Users/runner/work/karaokemic-verify/karaokemic-verify/KaraokeMic/App/AppViewModel.swift /Users/runner/work/karaokemic-verify/karaokemic-verify/KaraokeMic/Audio/AudioEngine.swift /Users/runner/work/karaokemic-verify/karaokemic-verify/KaraokeMic/Audio/Biquad.swift /Users/runner/work/karaokemic-verify/karaokemic-verify/KaraokeMic/UI/Components.swift /Users/runner/work/karaokemic-verify/karaokemic-verify/KaraokeMic/UI/DeviceView.swift /Users/runner/work/karaokemic-verify/karaokemic-verify/KaraokeMic/UI/HomeView.swift /Users/runner/work/karaokemic-verify/karaokemic-verify/KaraokeMic/Audio/HowlingSuppressor.swift /Users/runner/work/karaokemic-verify/karaokemic-verify/KaraokeMic/App/KaraokeMicApp.swift /Users/runner/work/karaokemic-verify/karaokemic-verify/KaraokeMic/Net/NetworkController.swift /Users/runner/work/karaokemic-verify/karaokemic-verify/KaraokeMic/Net/Protocol.swift /Users/runner/work/karaokemic-verify/karaokemic-verify/KaraokeMic/Audio/Reverb.swift /Users/runner/work/karaokemic-verify/karaokemic-verify/KaraokeMic/UI/SettingsView.swift /Users/runner/work/karaokemic-verify/karaokemic-verify/KaraokeMic/Audio/SignalChain.swift /Users/runner/work/karaokemic-verify/karaokemic-verify/KaraokeMic/UI/StudioView.swift /Users/runner/work/karaokemic-verify/karaokemic-verify/KaraokeMic/UI/Theme.swift /Users/runner/work/karaokemic-verify/karaokemic-verify/build/DerivedData/Build/Intermediates.noindex/ArchiveIntermediates/KaraokeMic/IntermediateBuildFilesPath/KaraokeMicVerify.build/Release-iphoneos/KaraokeMic.build/DerivedSources/GeneratedAssetSymbols.swift (in target 'KaraokeMic' from project 'KaraokeMicVerify')
CompileSwift normal arm64 (in target 'KaraokeMic' from project 'KaraokeMicVerify')
    cd /Users/runner/work/karaokemic-verify/karaokemic-verify
    
/Users/runner/work/karaokemic-verify/karaokemic-verify/KaraokeMic/Audio/AdaptiveEchoCanceller.swift:254:5: error: attribute 'private' can only be used in a non-local scope
    private func power(of sig: [Float]) -> Float {
    ^
/Users/runner/work/karaokemic-verify/karaokemic-verify/KaraokeMic/Audio/AdaptiveEchoCanceller.swift:272:1: error: expected '}' in class

^
/Users/runner/work/karaokemic-verify/karaokemic-verify/KaraokeMic/Audio/AdaptiveEchoCanceller.swift:44:35: note: to match this opening '{'
final class AdaptiveEchoCanceller {
                                  ^
/Users/runner/work/karaokemic-verify/karaokemic-verify/KaraokeMic/Audio/Biquad.swift:29:17: error: cannot find type 'BDSPair' in scope
    var biquad: BDSPair {
                ^~~~~~~
/Users/runner/work/karaokemic-verify/karaokemic-verify/KaraokeMic/Audio/Biquad.swift:33:13: error: cannot find 'vDSP_ctsm' in scope
            vDSP_ctsm(setter(&arr), 2, newValue.reinterpretCast(), 2, vDSP_Length(5))
            ^~~~~~~~~
/Users/runner/work/karaokemic-verify/karaokemic-verify/KaraokeMic/Audio/Biquad.swift:33:23: error: cannot find 'setter' in scope
            vDSP_ctsm(setter(&arr), 2, newValue.reinterpretCast(), 2, vDSP_Length(5))
                      ^~~~~~
/Users/runner/work/karaokemic-verify/karaokemic-verify/KaraokeMic/UI/Components.swift:78:18: error: 'symbolEffect(_:options:isActive:)' is only available in iOS 17.0 or newer
                .symbolEffect(.variableColor.iterative, isActive: isRecording)
                 ^
/Users/runner/work/karaokemic-verify/karaokemic-verify/KaraokeMic/UI/Components.swift:78:18: note: add 'if #available' version check
                .symbolEffect(.variableColor.iterative, isActive: isRecording)
                 ^
/Users/runner/work/karaokemic-verify/karaokemic-verify/KaraokeMic/UI/Components.swift:30:9: note: add @available attribute to enclosing property
    var body: some View {
        ^
/Users/runner/work/karaokemic-verify/karaokemic-verify/KaraokeMic/UI/Components.swift:14:8: note: add @available attribute to enclosing struct
struct MicButton: View {
       ^
/Users/runner/work/karaokemic-verify/karaokemic-verify/KaraokeMic/UI/Components.swift:78:32: error: 'variableColor' is only available in iOS 17.0 or newer
                .symbolEffect(.variableColor.iterative, isActive: isRecording)
                               ^
/Users/runner/work/karaokemic-verify/karaokemic-verify/KaraokeMic/UI/Components.swift:78:32: note: add 'if #available' version check
                .symbolEffect(.variableColor.iterative, isActive: isRecording)
                               ^
/Users/runner/work/karaokemic-verify/karaokemic-verify/KaraokeMic/UI/Components.swift:30:9: note: add @available attribute to enclosing property
    var body: some View {
        ^
/Users/runner/work/karaokemic-verify/karaokemic-verify/KaraokeMic/UI/Components.swift:14:8: note: add @available attribute to enclosing struct
struct MicButton: View {
       ^
/Users/runner/work/karaokemic-verify/karaokemic-verify/KaraokeMic/UI/DeviceView.swift:34:10: error: 'toolbarBackground(_:for:)' is only available in iOS 16.0 or newer
        .toolbarBackground(KaraokeTheme.bgTop, for: .navigationBar)
         ^
/Users/runner/work/karaokemic-verify/karaokemic-verify/KaraokeMic/UI/DeviceView.swift:34:10: note: add 'if #available' version check
        .toolbarBackground(KaraokeTheme.bgTop, for: .navigationBar)
         ^
/Users/runner/work/karaokemic-verify/karaokemic-verify/KaraokeMic/UI/DeviceView.swift:13:9: note: add @available attribute to enclosing property
    var body: some View {
        ^
/Users/runner/work/karaokemic-verify/karaokemic-verify/KaraokeMic/UI/DeviceView.swift:8:8: note: add @available attribute to enclosing struct
struct DeviceView: View {
       ^
/Users/runner/work/karaokemic-verify/karaokemic-verify/KaraokeMic/UI/DeviceView.swift:35:10: error: 'toolbarColorScheme(_:for:)' is only available in iOS 16.0 or newer
        .toolbarColorScheme(.dark, for: .navigationBar)
         ^
/Users/runner/work/karaokemic-verify/karaokemic-verify/KaraokeMic/UI/DeviceView.swift:35:10: note: add 'if #available' version check
        .toolbarColorScheme(.dark, for: .navigationBar)
         ^
/Users/runner/work/karaokemic-verify/karaokemic-verify/KaraokeMic/UI/DeviceView.swift:13:9: note: add @available attribute to enclosing property
    var body: some View {
        ^
/Users/runner/work/karaokemic-verify/karaokemic-verify/KaraokeMic/UI/DeviceView.swift:8:8: note: add @available attribute to enclosing struct
struct DeviceView: View {
       ^
/Users/runner/work/karaokemic-verify/karaokemic-verify/KaraokeMic/UI/DeviceView.swift:58:22: error: 'symbolEffect(_:options:isActive:)' is only available in iOS 17.0 or newer
                    .symbolEffect(.variableColor.iterative,
                     ^
/Users/runner/work/karaokemic-verify/karaokemic-verify/KaraokeMic/UI/DeviceView.swift:58:22: note: add 'if #available' version check
                    .symbolEffect(.variableColor.iterative,
                     ^
/Users/runner/work/karaokemic-verify/karaokemic-verify/KaraokeMic/UI/DeviceView.swift:45:17: note: add @available attribute to enclosing property
    private var emptyState: some View {
                ^
/Users/runner/work/karaokemic-verify/karaokemic-verify/KaraokeMic/UI/DeviceView.swift:8:8: note: add @available attribute to enclosing struct
struct DeviceView: View {
       ^
/Users/runner/work/karaokemic-verify/karaokemic-verify/KaraokeMic/UI/DeviceView.swift:58:36: error: 'variableColor' is only available in iOS 17.0 or newer
                    .symbolEffect(.variableColor.iterative,
                                   ^
/Users/runner/work/karaokemic-verify/karaokemic-verify/KaraokeMic/UI/DeviceView.swift:58:36: note: add 'if #available' version check
                    .symbolEffect(.variableColor.iterative,
                                   ^
/Users/runner/work/karaokemic-verify/karaokemic-verify/KaraokeMic/UI/DeviceView.swift:45:17: note: add @available attribute to enclosing property
    private var emptyState: some View {
                ^
/Users/runner/work/karaokemic-verify/karaokemic-verify/KaraokeMic/UI/DeviceView.swift:8:8: note: add @available attribute to enclosing struct
struct DeviceView: View {
       ^
/Users/runner/work/karaokemic-verify/karaokemic-verify/KaraokeMic/UI/HomeView.swift:31:10: error: 'toolbar(_:for:)' is only available in iOS 16.0 or newer
        .toolbar(.hidden, for: .navigationBar)
         ^
/Users/runner/work/karaokemic-verify/karaokemic-verify/KaraokeMic/UI/HomeView.swift:31:10: note: add 'if #available' version check
        .toolbar(.hidden, for: .navigationBar)
         ^
/Users/runner/work/karaokemic-verify/karaokemic-verify/KaraokeMic/UI/HomeView.swift:14:9: note: add @available attribute to enclosing property
    var body: some View {
        ^
/Users/runner/work/karaokemic-verify/karaokemic-verify/KaraokeMic/UI/HomeView.swift:11:8: note: add @available attribute to enclosing struct
struct HomeView: View {
       ^
/Users/runner/work/karaokemic-verify/karaokemic-verify/KaraokeMic/UI/HomeView.swift:161:9: error: the compiler is unable to type-check this expression in reasonable time; try breaking up the expression into distinct sub-expressions
        VStack(alignment: .leading, spacing: 10) {
        ^~~~~~~~~~~~~~~~~~~~~~~~~~~~~~~~~~~~~~~~~~
/Users/runner/work/karaokemic-verify/karaokemic-verify/KaraokeMic/Audio/HowlingSuppressor.swift:99:9: error: cannot find 'vDSP_ctts' in scope
        vDSP_ctts(unsafeBit: &twiddleIn, &twiddleBitRev, 0, Int32(fftSize / 2))
        ^~~~~~~~~
/Users/runner/work/karaokemic-verify/karaokemic-verify/KaraokeMic/Audio/HowlingSuppressor.swift:100:30: error: missing argument for parameter 'bitPattern' in call
        var setup = FFTSetup()
                             ^
                             bitPattern: <#Int#>
Swift.OpaquePointer.init:2:8: note: 'init(bitPattern:)' declared here
public init?(bitPattern: Int)}
       ^
/Users/runner/work/karaokemic-verify/karaokemic-verify/KaraokeMic/Audio/HowlingSuppressor.swift:101:74: error: extra argument in call
        vDSP_create_fftsetup(vDSP_Length(fftSize), FFTRadix(kFFTRadix2), &setup)
                            ~~~~~~~~~~~~~~~~~~~~~~~~~~~~~~~~~~~~~~~~~~~~~^~~~~~~
/Users/runner/work/karaokemic-verify/karaokemic-verify/KaraokeMic/Audio/HowlingSuppressor.swift:158:22: error: cannot convert value of type 'ArraySlice<Float>' to expected argument type 'UnsafePointer<Float>'
        vDSP_vmul(buf[start..<n], 1, window, 1, &realp, 1, vDSP_Length(hopSize))
                     ^
/Users/runner/work/karaokemic-verify/karaokemic-verify/KaraokeMic/Audio/HowlingSuppressor.swift:165:38: error: cannot convert value of type 'UnsafePointer<DSPComplex>' to expected argument type 'UnsafePointer<DSPSplitComplex>'
                    vDSP_ctoz(cp, 2, &fftOut, 1, vDSP_Length(fftSize / 2))
                                     ^
/Users/runner/work/karaokemic-verify/karaokemic-verify/KaraokeMic/Audio/HowlingSuppressor.swift:165:38: note: arguments to generic parameter 'Pointee' ('DSPComplex' and 'DSPSplitComplex') are expected to be equal
                    vDSP_ctoz(cp, 2, &fftOut, 1, vDSP_Length(fftSize / 2))
                                     ^
/Users/runner/work/karaokemic-verify/karaokemic-verify/KaraokeMic/Audio/HowlingSuppressor.swift:175:21: error: cannot convert value of type 'UnsafePointer<DSPComplex>' to expected argument type 'UnsafePointer<DSPSplitComplex>'
        vDSP_zvmags(&fftOut, 1, &half, 1, vDSP_Length(fftSize / 2))
                    ^
/Users/runner/work/karaokemic-verify/karaokemic-verify/KaraokeMic/Audio/HowlingSuppressor.swift:175:21: note: arguments to generic parameter 'Pointee' ('DSPComplex' and 'DSPSplitComplex') are expected to be equal
        vDSP_zvmags(&fftOut, 1, &half, 1, vDSP_Length(fftSize / 2))
                    ^
/Users/runner/work/karaokemic-verify/karaokemic-verify/KaraokeMic/Audio/HowlingSuppressor.swift:323:52: error: type 'Biquad' has no member 'passthrough'
        guard effectiveDepth > 0.01 else { return .passthrough }
                                                  ~^~~~~~~~~~~
/Users/runner/work/karaokemic-verify/karaokemic-verify/KaraokeMic/Audio/HowlingSuppressor.swift:335:16: error: cannot convert return expression of type 'BiquadCoeffs' to return type 'Biquad'
        return BiquadCoeffs(
               ^~~~~~~~~~~~~
/Users/runner/work/karaokemic-verify/karaokemic-verify/KaraokeMic/App/KaraokeMicApp.swift:29:13: error: 'NavigationStack' is only available in iOS 16.0 or newer
            NavigationStack {
            ^
/Users/runner/work/karaokemic-verify/karaokemic-verify/KaraokeMic/App/KaraokeMicApp.swift:29:13: note: add 'if #available' version check
            NavigationStack {
            ^
/Users/runner/work/karaokemic-verify/karaokemic-verify/KaraokeMic/App/KaraokeMicApp.swift:27:9: note: add @available attribute to enclosing property
    var body: some View {
        ^
/Users/runner/work/karaokemic-verify/karaokemic-verify/KaraokeMic/App/KaraokeMicApp.swift:23:8: note: add @available attribute to enclosing struct
struct ContentView: View {
       ^
/Users/runner/work/karaokemic-verify/karaokemic-verify/KaraokeMic/App/KaraokeMicApp.swift:37:13: error: 'NavigationStack' is only available in iOS 16.0 or newer
            NavigationStack {
            ^
/Users/runner/work/karaokemic-verify/karaokemic-verify/KaraokeMic/App/KaraokeMicApp.swift:37:13: note: add 'if #available' version check
            NavigationStack {
            ^
/Users/runner/work/karaokemic-verify/karaokemic-verify/KaraokeMic/App/KaraokeMicApp.swift:27:9: note: add @available attribute to enclosing property
    var body: some View {
        ^
/Users/runner/work/karaokemic-verify/karaokemic-verify/KaraokeMic/App/KaraokeMicApp.swift:23:8: note: add @available attribute to enclosing struct
struct ContentView: View {
       ^
/Users/runner/work/karaokemic-verify/karaokemic-verify/KaraokeMic/App/KaraokeMicApp.swift:45:13: error: 'NavigationStack' is only available in iOS 16.0 or newer
            NavigationStack {
            ^
/Users/runner/work/karaokemic-verify/karaokemic-verify/KaraokeMic/App/KaraokeMicApp.swift:45:13: note: add 'if #available' version check
            NavigationStack {
            ^
/Users/runner/work/karaokemic-verify/karaokemic-verify/KaraokeMic/App/KaraokeMicApp.swift:27:9: note: add @available attribute to enclosing property
    var body: some View {
        ^
/Users/runner/work/karaokemic-verify/karaokemic-verify/KaraokeMic/App/KaraokeMicApp.swift:23:8: note: add @available attribute to enclosing struct
struct ContentView: View {
       ^
/Users/runner/work/karaokemic-verify/karaokemic-verify/KaraokeMic/App/KaraokeMicApp.swift:54:13: error: 'NavigationStack' is only available in iOS 16.0 or newer
            NavigationStack {
            ^
/Users/runner/work/karaokemic-verify/karaokemic-verify/KaraokeMic/App/KaraokeMicApp.swift:54:13: note: add 'if #available' version check
            NavigationStack {
            ^
/Users/runner/work/karaokemic-verify/karaokemic-verify/KaraokeMic/App/KaraokeMicApp.swift:27:9: note: add @available attribute to enclosing property
    var body: some View {
        ^
/Users/runner/work/karaokemic-verify/karaokemic-verify/KaraokeMic/App/KaraokeMicApp.swift:23:8: note: add @available attribute to enclosing struct
struct ContentView: View {
       ^
/Users/runner/work/karaokemic-verify/karaokemic-verify/KaraokeMic/Net/NetworkController.swift:267:26: warning: no calls to throwing functions occur within 'try' expression
        guard let conn = try? NWConnection(
                         ^
/Users/runner/work/karaokemic-verify/karaokemic-verify/KaraokeMic/Net/NetworkController.swift:360:31: warning: no calls to throwing functions occur within 'try' expression
        guard let audioConn = try? NWConnection(
                              ^
/Users/runner/work/karaokemic-verify/karaokemic-verify/KaraokeMic/Net/NetworkController.swift:386:30: warning: no calls to throwing functions occur within 'try' expression
        guard let ctrlConn = try? NWConnection(
                             ^
/Users/runner/work/karaokemic-verify/karaokemic-verify/KaraokeMic/Net/NetworkController.swift:487:40: error: type 'ControlMessage.ControlCmd' has no member 'error'
        case ControlMessage.ControlCmd.error:
             ~~~~~~~~~~~~~~~~~~~~~~~~~ ^~~~~
/Users/runner/work/karaokemic-verify/karaokemic-verify/KaraokeMic/Net/NetworkController.swift:553:27: error: cannot convert value of type 'Double' to expected argument type 'Float'
            "t0": .number(Double(t0 & 0xFFFFFFFF))
                          ^
                          Float(                 )
/Users/runner/work/karaokemic-verify/karaokemic-verify/KaraokeMic/Net/NetworkController.swift:559:20: warning: immutable value 'header' was never used; consider replacing with '_' or removing it
        guard let (header, message) = ControlFrameBuilder.parse(data) else { return }
                   ^~~~~~
                   _
/Users/runner/work/karaokemic-verify/karaokemic-verify/KaraokeMic/Net/NetworkController.swift:659:35: warning: no calls to throwing functions occur within 'try' expression
                guard let probe = try? NWConnection(
                                  ^
/Users/runner/work/karaokemic-verify/karaokemic-verify/KaraokeMic/Net/Protocol.swift:280:25: error: missing argument label 'contentsOf:' in call
            data.append(UnsafeRawBufferPointer(start: src.baseAddress!,
                        ^
                        contentsOf: 
/Users/runner/work/karaokemic-verify/karaokemic-verify/KaraokeMic/Net/Protocol.swift:299:13: warning: using '_' to ignore the result of a Void-returning function is redundant
            _ = raw.baseAddress!.withMemoryRebound(
            ^~~~
            
/Users/runner/work/karaokemic-verify/karaokemic-verify/KaraokeMic/Net/Protocol.swift:307:58: error: extra argument in call
        vDSP_vflt16(int16Buffer, 1, &scale, &samples, 1, vDSP_Length(count))
                   ~~~~~~~~~~~~~~~~~~~~~~~~~~~~~~~~~~~~~~^~~~~~~~~~~~~~~~~~~
/Users/runner/work/karaokemic-verify/karaokemic-verify/KaraokeMic/Net/Protocol.swift:307:45: error: cannot convert value of type '[Float]' to expected argument type 'vDSP_Stride' (aka 'Int')
        vDSP_vflt16(int16Buffer, 1, &scale, &samples, 1, vDSP_Length(count))
                                            ^
/Users/runner/work/karaokemic-verify/karaokemic-verify/KaraokeMic/Net/Protocol.swift:307:37: error: cannot pass immutable value as inout argument: 'scale' is a 'let' constant
        vDSP_vflt16(int16Buffer, 1, &scale, &samples, 1, vDSP_Length(count))
                                    ^~~~~~
/Users/runner/work/karaokemic-verify/karaokemic-verify/KaraokeMic/Net/Protocol.swift:295:9: note: change 'let' to 'var' to make it mutable
        let scale = 1.0 / Float(Int16.max)
        ^~~
        var
/Users/runner/work/karaokemic-verify/karaokemic-verify/KaraokeMic/UI/SettingsView.swift:27:10: error: 'toolbarBackground(_:for:)' is only available in iOS 16.0 or newer
        .toolbarBackground(KaraokeTheme.bgTop, for: .navigationBar)
         ^
/Users/runner/work/karaokemic-verify/karaokemic-verify/KaraokeMic/UI/SettingsView.swift:27:10: note: add 'if #available' version check
        .toolbarBackground(KaraokeTheme.bgTop, for: .navigationBar)
         ^
/Users/runner/work/karaokemic-verify/karaokemic-verify/KaraokeMic/UI/SettingsView.swift:11:9: note: add @available attribute to enclosing property
    var body: some View {
        ^
/Users/runner/work/karaokemic-verify/karaokemic-verify/KaraokeMic/UI/SettingsView.swift:8:8: note: add @available attribute to enclosing struct
struct SettingsView: View {
       ^
/Users/runner/work/karaokemic-verify/karaokemic-verify/KaraokeMic/UI/SettingsView.swift:28:10: error: 'toolbarColorScheme(_:for:)' is only available in iOS 16.0 or newer
        .toolbarColorScheme(.dark, for: .navigationBar)
         ^
/Users/runner/work/karaokemic-verify/karaokemic-verify/KaraokeMic/UI/SettingsView.swift:28:10: note: add 'if #available' version check
        .toolbarColorScheme(.dark, for: .navigationBar)
         ^
/Users/runner/work/karaokemic-verify/karaokemic-verify/KaraokeMic/UI/SettingsView.swift:11:9: note: add @available attribute to enclosing property
    var body: some View {
        ^
/Users/runner/work/karaokemic-verify/karaokemic-verify/KaraokeMic/UI/SettingsView.swift:8:8: note: add @available attribute to enclosing struct
struct SettingsView: View {
       ^
/Users/runner/work/karaokemic-verify/karaokemic-verify/KaraokeMic/Audio/SignalChain.swift:343:13: error: value of type 'AdaptiveEchoCanceller' has no member 'resetAdaptive'
        aec.resetAdaptive()
        ~~~ ^~~~~~~~~~~~~
/Users/runner/work/karaokemic-verify/karaokemic-verify/KaraokeMic/UI/StudioView.swift:41:10: error: 'toolbarBackground(_:for:)' is only available in iOS 16.0 or newer
        .toolbarBackground(KaraokeTheme.bgTop, for: .navigationBar)
         ^
/Users/runner/work/karaokemic-verify/karaokemic-verify/KaraokeMic/UI/StudioView.swift:41:10: note: add 'if #available' version check
        .toolbarBackground(KaraokeTheme.bgTop, for: .navigationBar)
         ^
/Users/runner/work/karaokemic-verify/karaokemic-verify/KaraokeMic/UI/StudioView.swift:14:9: note: add @available attribute to enclosing property
    var body: some View {
        ^
/Users/runner/work/karaokemic-verify/karaokemic-verify/KaraokeMic/UI/StudioView.swift:11:8: note: add @available attribute to enclosing struct
struct StudioView: View {
       ^
/Users/runner/work/karaokemic-verify/karaokemic-verify/KaraokeMic/UI/StudioView.swift:42:10: error: 'toolbarColorScheme(_:for:)' is only available in iOS 16.0 or newer
        .toolbarColorScheme(.dark, for: .navigationBar)
         ^
/Users/runner/work/karaokemic-verify/karaokemic-verify/KaraokeMic/UI/StudioView.swift:42:10: note: add 'if #available' version check
        .toolbarColorScheme(.dark, for: .navigationBar)
         ^
/Users/runner/work/karaokemic-verify/karaokemic-verify/KaraokeMic/UI/StudioView.swift:14:9: note: add @available attribute to enclosing property
    var body: some View {
        ^
/Users/runner/work/karaokemic-verify/karaokemic-verify/KaraokeMic/UI/StudioView.swift:11:8: note: add @available attribute to enclosing struct
struct StudioView: View {
       ^
/Users/runner/work/karaokemic-verify/karaokemic-verify/KaraokeMic/UI/StudioView.swift:114:9: error: the compiler is unable to type-check this expression in reasonable time; try breaking up the expression into distinct sub-expressions
        VStack(alignment: .leading, spacing: 12) {
        ^~~~~~~~~~~~~~~~~~~~~~~~~~~~~~~~~~~~~~~~~~

Failed frontend command:
/Applications/Xcode_16.4.app/Contents/Developer/Toolchains/XcodeDefault.xctoolchain/usr/bin/swift-frontend -frontend -c /Users/runner/work/karaokemic-verify/karaokemic-verify/KaraokeMic/Audio/AdaptiveEchoCanceller.swift /Users/runner/work/karaokemic-verify/karaokemic-verify/KaraokeMic/App/AppViewModel.swift /Users/runner/work/karaokemic-verify/karaokemic-verify/KaraokeMic/Audio/AudioEngine.swift /Users/runner/work/karaokemic-verify/karaokemic-verify/KaraokeMic/Audio/Biquad.swift /Users/runner/work/karaokemic-verify/karaokemic-verify/KaraokeMic/UI/Components.swift /Users/runner/work/karaokemic-verify/karaokemic-verify/KaraokeMic/UI/DeviceView.swift /Users/runner/work/karaokemic-verify/karaokemic-verify/KaraokeMic/UI/HomeView.swift /Users/runner/work/karaokemic-verify/karaokemic-verify/KaraokeMic/Audio/HowlingSuppressor.swift /Users/runner/work/karaokemic-verify/karaokemic-verify/KaraokeMic/App/KaraokeMicApp.swift /Users/runner/work/karaokemic-verify/karaokemic-verify/KaraokeMic/Net/NetworkController.swift /Users/runner/work/karaokemic-verify/karaokemic-verify/KaraokeMic/Net/Protocol.swift /Users/runner/work/karaokemic-verify/karaokemic-verify/KaraokeMic/Audio/Reverb.swift /Users/runner/work/karaokemic-verify/karaokemic-verify/KaraokeMic/UI/SettingsView.swift /Users/runner/work/karaokemic-verify/karaokemic-verify/KaraokeMic/Audio/SignalChain.swift /Users/runner/work/karaokemic-verify/karaokemic-verify/KaraokeMic/UI/StudioView.swift /Users/runner/work/karaokemic-verify/karaokemic-verify/KaraokeMic/UI/Theme.swift /Users/runner/work/karaokemic-verify/karaokemic-verify/build/DerivedData/Build/Intermediates.noindex/ArchiveIntermediates/KaraokeMic/IntermediateBuildFilesPath/KaraokeMicVerify.build/Release-iphoneos/KaraokeMic.build/DerivedSources/GeneratedAssetSymbols.swift -supplementary-output-file-map /Users/runner/work/karaokemic-verify/karaokemic-verify/build/DerivedData/Build/Intermediates.noindex/ArchiveIntermediates/KaraokeMic/IntermediateBuildFilesPath/KaraokeMicVerify.build/Release-iphoneos/KaraokeMic.build/Objects-normal/arm64/supplementaryOutputs-1 -target arm64-apple-ios15.0 -Xllvm -aarch64-use-tbi -enable-objc-interop -stack-check -sdk /Applications/Xcode_16.4.app/Contents/Developer/Platforms/iPhoneOS.platform/Developer/SDKs/iPhoneOS18.5.sdk -I /Users/runner/work/karaokemic-verify/karaokemic-verify/build/DerivedData/Build/Intermediates.noindex/ArchiveIntermediates/KaraokeMic/BuildProductsPath/Release-iphoneos -F /Users/runner/work/karaokemic-verify/karaokemic-verify/build/DerivedData/Build/Intermediates.noindex/ArchiveIntermediates/KaraokeMic/BuildProductsPath/Release-iphoneos -no-color-diagnostics -g -debug-info-format\=dwarf -dwarf-version\=4 -module-cache-path /Users/runner/work/karaokemic-verify/karaokemic-verify/build/DerivedData/ModuleCache.noindex -swift-version 5 -enforce-exclusivity\=checked -O -D RELEASE_BUILD -serialize-debugging-options -const-gather-protocols-file /Users/runner/work/karaokemic-verify/karaokemic-verify/build/DerivedData/Build/Intermediates.noindex/ArchiveIntermediates/KaraokeMic/IntermediateBuildFilesPath/KaraokeMicVerify.build/Release-iphoneos/KaraokeMic.build/Objects-normal/arm64/KaraokeMic_const_extract_protocols.json -enable-experimental-feature DebugDescriptionMacro -enable-bare-slash-regex -empty-abi-descriptor -validate-clang-modules-once -clang-build-session-file /Users/runner/work/karaokemic-verify/karaokemic-verify/build/DerivedData/ModuleCache.noindex/Session.modulevalidation -Xcc -working-directory -Xcc /Users/runner/work/karaokemic-verify/karaokemic-verify -resource-dir /Applications/Xcode_16.4.app/Contents/Developer/Toolchains/XcodeDefault.xctoolchain/usr/lib/swift -file-compilation-dir /Users/runner/work/karaokemic-verify/karaokemic-verify -Xcc -ivfsstatcache -Xcc /Users/runner/work/karaokemic-verify/karaokemic-verify/build/DerivedData/SDKStatCaches.noindex/iphoneos18.5-22F76-a529daf784b3616c7c04a36aeb7f5c05.sdkstatcache -Xcc -I/Users/runner/work/karaokemic-verify/karaokemic-verify/build/DerivedData/Build/Intermediates.noindex/ArchiveIntermediates/KaraokeMic/IntermediateBuildFilesPath/KaraokeMicVerify.build/Release-iphoneos/KaraokeMic.build/swift-overrides.hmap -Xcc -iquote -Xcc /Users/runner/work/karaokemic-verify/karaokemic-verify/build/DerivedData/Build/Intermediates.noindex/ArchiveIntermediates/KaraokeMic/IntermediateBuildFilesPath/KaraokeMicVerify.build/Release-iphoneos/KaraokeMic.build/KaraokeMic-generated-files.hmap -Xcc -I/Users/runner/work/karaokemic-verify/karaokemic-verify/build/DerivedData/Build/Intermediates.noindex/ArchiveIntermediates/KaraokeMic/IntermediateBuildFilesPath/KaraokeMicVerify.build/Release-iphoneos/KaraokeMic.build/KaraokeMic-own-target-headers.hmap -Xcc -I/Users/runner/work/karaokemic-verify/karaokemic-verify/build/DerivedData/Build/Intermediates.noindex/ArchiveIntermediates/KaraokeMic/IntermediateBuildFilesPath/KaraokeMicVerify.build/Release-iphoneos/KaraokeMic.build/KaraokeMic-all-target-headers.hmap -Xcc -iquote -Xcc /Users/runner/work/karaokemic-verify/karaokemic-verify/build/DerivedData/Build/Intermediates.noindex/ArchiveIntermediates/KaraokeMic/IntermediateBuildFilesPath/KaraokeMicVerify.build/Release-iphoneos/KaraokeMic.build/KaraokeMic-project-headers.hmap -Xcc -I/Users/runner/work/karaokemic-verify/karaokemic-verify/build/DerivedData/Build/Intermediates.noindex/ArchiveIntermediates/KaraokeMic/BuildProductsPath/Release-iphoneos/include -Xcc -I/Users/runner/work/karaokemic-verify/karaokemic-verify/build/DerivedData/Build/Intermediates.noindex/ArchiveIntermediates/KaraokeMic/IntermediateBuildFilesPath/KaraokeMicVerify.build/Release-iphoneos/KaraokeMic.build/DerivedSources-normal/arm64 -Xcc -I/Users/runner/work/karaokemic-verify/karaokemic-verify/build/DerivedData/Build/Intermediates.noindex/ArchiveIntermediates/KaraokeMic/IntermediateBuildFilesPath/KaraokeMicVerify.build/Release-iphoneos/KaraokeMic.build/DerivedSources/arm64 -Xcc -I/Users/runner/work/karaokemic-verify/karaokemic-verify/build/DerivedData/Build/Intermediates.noindex/ArchiveIntermediates/KaraokeMic/IntermediateBuildFilesPath/KaraokeMicVerify.build/Release-iphoneos/KaraokeMic.build/DerivedSources -module-name KaraokeMic -frontend-parseable-output -disable-clang-spi -target-sdk-version 18.5 -target-sdk-name iphoneos18.5 -external-plugin-path /Applications/Xcode_16.4.app/Contents/Developer/Platforms/iPhoneOS.platform/Developer/usr/lib/swift/host/plugins\#/Applications/Xcode_16.4.app/Contents/Developer/Platforms/iPhoneOS.platform/Developer/usr/bin/swift-plugin-server -external-plugin-path /Applications/Xcode_16.4.app/Contents/Developer/Platforms/iPhoneOS.platform/Developer/usr/local/lib/swift/host/plugins\#/Applications/Xcode_16.4.app/Contents/Developer/Platforms/iPhoneOS.platform/Developer/usr/bin/swift-plugin-server -in-process-plugin-server-path /Applications/Xcode_16.4.app/Contents/Developer/Toolchains/XcodeDefault.xctoolchain/usr/lib/swift/host/libSwiftInProcPluginServer.dylib -plugin-path /Applications/Xcode_16.4.app/Contents/Developer/Toolchains/XcodeDefault.xctoolchain/usr/lib/swift/host/plugins -plugin-path /Applications/Xcode_16.4.app/Contents/Developer/Toolchains/XcodeDefault.xctoolchain/usr/local/lib/swift/host/plugins -enable-default-cmo -num-threads 3 -o /Users/runner/work/karaokemic-verify/karaokemic-verify/build/DerivedData/Build/Intermediates.noindex/ArchiveIntermediates/KaraokeMic/IntermediateBuildFilesPath/KaraokeMicVerify.build/Release-iphoneos/KaraokeMic.build/Objects-normal/arm64/AdaptiveEchoCanceller.o -o /Users/runner/work/karaokemic-verify/karaokemic-verify/build/DerivedData/Build/Intermediates.noindex/ArchiveIntermediates/KaraokeMic/IntermediateBuildFilesPath/KaraokeMicVerify.build/Release-iphoneos/KaraokeMic.build/Objects-normal/arm64/AppViewModel.o -o /Users/runner/work/karaokemic-verify/karaokemic-verify/build/DerivedData/Build/Intermediates.noindex/ArchiveIntermediates/KaraokeMic/IntermediateBuildFilesPath/KaraokeMicVerify.build/Release-iphoneos/KaraokeMic.build/Objects-normal/arm64/AudioEngine.o -o /Users/runner/work/karaokemic-verify/karaokemic-verify/build/DerivedData/Build/Intermediates.noindex/ArchiveIntermediates/KaraokeMic/IntermediateBuildFilesPath/KaraokeMicVerify.build/Release-iphoneos/KaraokeMic.build/Objects-normal/arm64/Biquad.o -o /Users/runner/work/karaokemic-verify/karaokemic-verify/build/DerivedData/Build/Intermediates.noindex/ArchiveIntermediates/KaraokeMic/IntermediateBuildFilesPath/KaraokeMicVerify.build/Release-iphoneos/KaraokeMic.build/Objects-normal/arm64/Components.o -o /Users/runner/work/karaokemic-verify/karaokemic-verify/build/DerivedData/Build/Intermediates.noindex/ArchiveIntermediates/KaraokeMic/IntermediateBuildFilesPath/KaraokeMicVerify.build/Release-iphoneos/KaraokeMic.build/Objects-normal/arm64/DeviceView.o -o /Users/runner/work/karaokemic-verify/karaokemic-verify/build/DerivedData/Build/Intermediates.noindex/ArchiveIntermediates/KaraokeMic/IntermediateBuildFilesPath/KaraokeMicVerify.build/Release-iphoneos/KaraokeMic.build/Objects-normal/arm64/HomeView.o -o /Users/runner/work/karaokemic-verify/karaokemic-verify/build/DerivedData/Build/Intermediates.noindex/ArchiveIntermediates/KaraokeMic/IntermediateBuildFilesPath/KaraokeMicVerify.build/Release-iphoneos/KaraokeMic.build/Objects-normal/arm64/HowlingSuppressor.o -o /Users/runner/work/karaokemic-verify/karaokemic-verify/build/DerivedData/Build/Intermediates.noindex/ArchiveIntermediates/KaraokeMic/IntermediateBuildFilesPath/KaraokeMicVerify.build/Release-iphoneos/KaraokeMic.build/Objects-normal/arm64/KaraokeMicApp.o -o /Users/runner/work/karaokemic-verify/karaokemic-verify/build/DerivedData/Build/Intermediates.noindex/ArchiveIntermediates/KaraokeMic/IntermediateBuildFilesPath/KaraokeMicVerify.build/Release-iphoneos/KaraokeMic.build/Objects-normal/arm64/NetworkController.o -o /Users/runner/work/karaokemic-verify/karaokemic-verify/build/DerivedData/Build/Intermediates.noindex/ArchiveIntermediates/KaraokeMic/IntermediateBuildFilesPath/KaraokeMicVerify.build/Release-iphoneos/KaraokeMic.build/Objects-normal/arm64/Protocol.o -o /Users/runner/work/karaokemic-verify/karaokemic-verify/build/DerivedData/Build/Intermediates.noindex/ArchiveIntermediates/KaraokeMic/IntermediateBuildFilesPath/KaraokeMicVerify.build/Release-iphoneos/KaraokeMic.build/Objects-normal/arm64/Reverb.o -o /Users/runner/work/karaokemic-verify/karaokemic-verify/build/DerivedData/Build/Intermediates.noindex/ArchiveIntermediates/KaraokeMic/IntermediateBuildFilesPath/KaraokeMicVerify.build/Release-iphoneos/KaraokeMic.build/Objects-normal/arm64/SettingsView.o -o /Users/runner/work/karaokemic-verify/karaokemic-verify/build/DerivedData/Build/Intermediates.noindex/ArchiveIntermediates/KaraokeMic/IntermediateBuildFilesPath/KaraokeMicVerify.build/Release-iphoneos/KaraokeMic.build/Objects-normal/arm64/SignalChain.o -o /Users/runner/work/karaokemic-verify/karaokemic-verify/build/DerivedData/Build/Intermediates.noindex/ArchiveIntermediates/KaraokeMic/IntermediateBuildFilesPath/KaraokeMicVerify.build/Release-iphoneos/KaraokeMic.build/Objects-normal/arm64/StudioView.o -o /Users/runner/work/karaokemic-verify/karaokemic-verify/build/DerivedData/Build/Intermediates.noindex/ArchiveIntermediates/KaraokeMic/IntermediateBuildFilesPath/KaraokeMicVerify.build/Release-iphoneos/KaraokeMic.build/Objects-normal/arm64/Theme.o -o /Users/runner/work/karaokemic-verify/karaokemic-verify/build/DerivedData/Build/Intermediates.noindex/ArchiveIntermediates/KaraokeMic/IntermediateBuildFilesPath/KaraokeMicVerify.build/Release-iphoneos/KaraokeMic.build/Objects-normal/arm64/GeneratedAssetSymbols.o -index-unit-output-path /KaraokeMicVerify.build/Release-iphoneos/KaraokeMic.build/Objects-normal/arm64/AdaptiveEchoCanceller.o -index-unit-output-path /KaraokeMicVerify.build/Release-iphoneos/KaraokeMic.build/Objects-normal/arm64/AppViewModel.o -index-unit-output-path /KaraokeMicVerify.build/Release-iphoneos/KaraokeMic.build/Objects-normal/arm64/AudioEngine.o -index-unit-output-path /KaraokeMicVerify.build/Release-iphoneos/KaraokeMic.build/Objects-normal/arm64/Biquad.o -index-unit-output-path /KaraokeMicVerify.build/Release-iphoneos/KaraokeMic.build/Objects-normal/arm64/Components.o -index-unit-output-path /KaraokeMicVerify.build/Release-iphoneos/KaraokeMic.build/Objects-normal/arm64/DeviceView.o -index-unit-output-path /KaraokeMicVerify.build/Release-iphoneos/KaraokeMic.build/Objects-normal/arm64/HomeView.o -index-unit-output-path /KaraokeMicVerify.build/Release-iphoneos/KaraokeMic.build/Objects-normal/arm64/HowlingSuppressor.o -index-unit-output-path /KaraokeMicVerify.build/Release-iphoneos/KaraokeMic.build/Objects-normal/arm64/KaraokeMicApp.o -index-unit-output-path /KaraokeMicVerify.build/Release-iphoneos/KaraokeMic.build/Objects-normal/arm64/NetworkController.o -index-unit-output-path /KaraokeMicVerify.build/Release-iphoneos/KaraokeMic.build/Objects-normal/arm64/Protocol.o -index-unit-output-path /KaraokeMicVerify.build/Release-iphoneos/KaraokeMic.build/Objects-normal/arm64/Reverb.o -index-unit-output-path /KaraokeMicVerify.build/Release-iphoneos/KaraokeMic.build/Objects-normal/arm64/SettingsView.o -index-unit-output-path /KaraokeMicVerify.build/Release-iphoneos/KaraokeMic.build/Objects-normal/arm64/SignalChain.o -index-unit-output-path /KaraokeMicVerify.build/Release-iphoneos/KaraokeMic.build/Objects-normal/arm64/StudioView.o -index-unit-output-path /KaraokeMicVerify.build/Release-iphoneos/KaraokeMic.build/Objects-normal/arm64/Theme.o -index-unit-output-path /KaraokeMicVerify.build/Release-iphoneos/KaraokeMic.build/Objects-normal/arm64/GeneratedAssetSymbols.o
LinkAssetCatalog /Users/runner/work/karaokemic-verify/karaokemic-verify/KaraokeMic/Resources/Assets.xcassets (in target 'KaraokeMic' from project 'KaraokeMicVerify')
    cd /Users/runner/work/karaokemic-verify/karaokemic-verify
    builtin-linkAssetCatalog --thinned /Users/runner/work/karaokemic-verify/karaokemic-verify/build/DerivedData/Build/Intermediates.noindex/ArchiveIntermediates/KaraokeMic/IntermediateBuildFilesPath/KaraokeMicVerify.build/Release-iphoneos/KaraokeMic.build/assetcatalog_output/thinned --thinned-dependencies /Users/runner/work/karaokemic-verify/karaokemic-verify/build/DerivedData/Build/Intermediates.noindex/ArchiveIntermediates/KaraokeMic/IntermediateBuildFilesPath/KaraokeMicVerify.build/Release-iphoneos/KaraokeMic.build/assetcatalog_dependencies_thinned --thinned-info-plist-content /Users/runner/work/karaokemic-verify/karaokemic-verify/build/DerivedData/Build/Intermediates.noindex/ArchiveIntermediates/KaraokeMic/IntermediateBuildFilesPath/KaraokeMicVerify.build/Release-iphoneos/KaraokeMic.build/assetcatalog_generated_info.plist_thinned --unthinned /Users/runner/work/karaokemic-verify/karaokemic-verify/build/DerivedData/Build/Intermediates.noindex/ArchiveIntermediates/KaraokeMic/IntermediateBuildFilesPath/KaraokeMicVerify.build/Release-iphoneos/KaraokeMic.build/assetcatalog_output/unthinned --unthinned-dependencies /Users/runner/work/karaokemic-verify/karaokemic-verify/build/DerivedData/Build/Intermediates.noindex/ArchiveIntermediates/KaraokeMic/IntermediateBuildFilesPath/KaraokeMicVerify.build/Release-iphoneos/KaraokeMic.build/assetcatalog_dependencies_unthinned --unthinned-info-plist-content /Users/runner/work/karaokemic-verify/karaokemic-verify/build/DerivedData/Build/Intermediates.noindex/ArchiveIntermediates/KaraokeMic/IntermediateBuildFilesPath/KaraokeMicVerify.build/Release-iphoneos/KaraokeMic.build/assetcatalog_generated_info.plist_unthinned --output /Users/runner/work/karaokemic-verify/karaokemic-verify/build/DerivedData/Build/Intermediates.noindex/ArchiveIntermediates/KaraokeMic/InstallationBuildProductsLocation/Applications/KaraokeMic.app --plist-output /Users/runner/work/karaokemic-verify/karaokemic-verify/build/DerivedData/Build/Intermediates.noindex/ArchiveIntermediates/KaraokeMic/IntermediateBuildFilesPath/KaraokeMicVerify.build/Release-iphoneos/KaraokeMic.build/assetcatalog_generated_info.plist
note: Emplaced /Users/runner/work/karaokemic-verify/karaokemic-verify/build/DerivedData/Build/Intermediates.noindex/ArchiveIntermediates/KaraokeMic/InstallationBuildProductsLocation/Applications/KaraokeMic.app/AppIcon60x60@2x.png (in target 'KaraokeMic' from project 'KaraokeMicVerify')
note: Emplaced /Users/runner/work/karaokemic-verify/karaokemic-verify/build/DerivedData/Build/Intermediates.noindex/ArchiveIntermediates/KaraokeMic/InstallationBuildProductsLocation/Applications/KaraokeMic.app/Assets.car (in target 'KaraokeMic' from project 'KaraokeMicVerify')
note: Emplaced /Users/runner/work/karaokemic-verify/karaokemic-verify/build/DerivedData/Build/Intermediates.noindex/ArchiveIntermediates/KaraokeMic/InstallationBuildProductsLocation/Applications/KaraokeMic.app/AppIcon76x76@2x~ipad.png (in target 'KaraokeMic' from project 'KaraokeMicVerify')

ProcessInfoPlistFile /Users/runner/work/karaokemic-verify/karaokemic-verify/build/DerivedData/Build/Intermediates.noindex/ArchiveIntermediates/KaraokeMic/InstallationBuildProductsLocation/Applications/KaraokeMic.app/Info.plist /Users/runner/work/karaokemic-verify/karaokemic-verify/KaraokeMic/Resources/Info.plist (in target 'KaraokeMic' from project 'KaraokeMicVerify')
    cd /Users/runner/work/karaokemic-verify/karaokemic-verify
    builtin-infoPlistUtility /Users/runner/work/karaokemic-verify/karaokemic-verify/KaraokeMic/Resources/Info.plist -producttype com.apple.product-type.application -genpkginfo /Users/runner/work/karaokemic-verify/karaokemic-verify/build/DerivedData/Build/Intermediates.noindex/ArchiveIntermediates/KaraokeMic/InstallationBuildProductsLocation/Applications/KaraokeMic.app/PkgInfo -expandbuildsettings -format binary -platform iphoneos -additionalcontentfile /Users/runner/work/karaokemic-verify/karaokemic-verify/build/DerivedData/Build/Intermediates.noindex/ArchiveIntermediates/KaraokeMic/IntermediateBuildFilesPath/KaraokeMicVerify.build/Release-iphoneos/KaraokeMic.build/assetcatalog_generated_info.plist -requiredArchitecture arm64 -o /Users/runner/work/karaokemic-verify/karaokemic-verify/build/DerivedData/Build/Intermediates.noindex/ArchiveIntermediates/KaraokeMic/InstallationBuildProductsLocation/Applications/KaraokeMic.app/Info.plist

note: Disabling previews because SWIFT_VERSION is set and SWIFT_OPTIMIZATION_LEVEL=-O, expected -Onone (in target 'KaraokeMic' from project 'KaraokeMicVerify')
** ARCHIVE FAILED **


The following build commands failed:
	CompileSwift normal arm64 (in target 'KaraokeMic' from project 'KaraokeMicVerify')
	SwiftCompile normal arm64 Compiling\ AdaptiveEchoCanceller.swift,\ AppViewModel.swift,\ AudioEngine.swift,\ Biquad.swift,\ Components.swift,\ DeviceView.swift,\ HomeView.swift,\ HowlingSuppressor.swift,\ KaraokeMicApp.swift,\ NetworkController.swift,\ Protocol.swift,\ Reverb.swift,\ SettingsView.swift,\ SignalChain.swift,\ StudioView.swift,\ Theme.swift,\ GeneratedAssetSymbols.swift /Users/runner/work/karaokemic-verify/karaokemic-verify/KaraokeMic/Audio/AdaptiveEchoCanceller.swift /Users/runner/work/karaokemic-verify/karaokemic-verify/KaraokeMic/App/AppViewModel.swift /Users/runner/work/karaokemic-verify/karaokemic-verify/KaraokeMic/Audio/AudioEngine.swift /Users/runner/work/karaokemic-verify/karaokemic-verify/KaraokeMic/Audio/Biquad.swift /Users/runner/work/karaokemic-verify/karaokemic-verify/KaraokeMic/UI/Components.swift /Users/runner/work/karaokemic-verify/karaokemic-verify/KaraokeMic/UI/DeviceView.swift /Users/runner/work/karaokemic-verify/karaokemic-verify/KaraokeMic/UI/HomeView.swift /Users/runner/work/karaokemic-verify/karaokemic-verify/KaraokeMic/Audio/HowlingSuppressor.swift /Users/runner/work/karaokemic-verify/karaokemic-verify/KaraokeMic/App/KaraokeMicApp.swift /Users/runner/work/karaokemic-verify/karaokemic-verify/KaraokeMic/Net/NetworkController.swift /Users/runner/work/karaokemic-verify/karaokemic-verify/KaraokeMic/Net/Protocol.swift /Users/runner/work/karaokemic-verify/karaokemic-verify/KaraokeMic/Audio/Reverb.swift /Users/runner/work/karaokemic-verify/karaokemic-verify/KaraokeMic/UI/SettingsView.swift /Users/runner/work/karaokemic-verify/karaokemic-verify/KaraokeMic/Audio/SignalChain.swift /Users/runner/work/karaokemic-verify/karaokemic-verify/KaraokeMic/UI/StudioView.swift /Users/runner/work/karaokemic-verify/karaokemic-verify/KaraokeMic/UI/Theme.swift /Users/runner/work/karaokemic-verify/karaokemic-verify/build/DerivedData/Build/Intermediates.noindex/ArchiveIntermediates/KaraokeMic/IntermediateBuildFilesPath/KaraokeMicVerify.build/Release-iphoneos/KaraokeMic.build/DerivedSources/GeneratedAssetSymbols.swift (in target 'KaraokeMic' from project 'KaraokeMicVerify')
	Archiving project KaraokeMicVerify with scheme KaraokeMic
(3 failures)
